1768543621 status=active
1768544001 status=active
1768544343 status=active
1768544615 status=active
1768545151 status=active
1768545215 status=active
1768545491 status=active
1768545571 status=active
1768546675 status=active
1768546830 status=idle
1768546872 status=active
1768547039 status=active
1768547190 status=active
1768547590 status=active
1768547642 status=active
1768547768 status=active
1768547917 status=active
1768548266 status=active
1768549570 status=active
1768549577 status=active
1768549590 status=active
1768550028 status=active
1768550040 status=active
1768550188 status=active
1768551026 status=active
1768551114 status=active
1768551534 status=active
1768551943 status=active
1768552990 status=idle
1768553050 status=sleep
1768553279 status=active
1768554495 status=active
1768555427 status=active
1768555537 status=active
1768785210 status=active
1768786308 status=idle
1768786368 status=sleep
1768786431 status=active
1768786630 status=idle
1768786654 status=active
1768786836 status=idle
1768786896 status=sleep
1768787805 status=active
1768788486 status=active
1768791038 status=idle
1768791098 status=sleep
1768791211 status=active
1768791363 status=active
1768791631 status=active
1768791674 status=active
1768792114 status=active
1768792771 status=active
1768792970 status=active
1768793071 status=active
1768793765 status=active
1768793866 status=active
1768794203 status=active
1768794326 status=active
1768794709 status=idle
1768794769 status=sleep
1768795032 status=active
1768799118 status=idle
1768799178 status=sleep
1768799302 status=active
1768799514 status=idle
1768799534 status=active
1768799594 status=idle
1768799654 status=sleep
1768799673 status=active
1768799906 status=idle
1768799966 status=sleep
1768800063 status=active
1768802057 status=idle
1768802117 status=sleep
1768802209 status=active
1768804188 status=idle
1768804238 status=active
1768810178 status=idle
1768810193 status=active
1768812418 status=active
1768812986 status=active
1768813188 status=active
1768813342 status=active
1768813585 status=active
1768820912 status=active
1768821030 status=active
1768821111 status=idle
1768821171 status=sleep
1768821380 status=active
1768821588 status=idle
1768821648 status=sleep
1768821691 status=active
1768821760 status=idle
1768821820 status=sleep
1768821906 status=active
1768822225 status=idle
1768822285 status=sleep
1768822997 status=active
1768823066 status=idle
1768823126 status=sleep
1768823348 status=active
1768823413 status=idle
1768823473 status=sleep
1768824068 status=active
1768824130 status=idle
1768824190 status=sleep
1768824614 status=active
1768825920 status=idle
1768825980 status=sleep
1768826146 status=active
1768826358 status=idle
1768826418 status=sleep
1768826880 status=active
1768826965 status=idle
1768827025 status=sleep
1768827079 status=active
1768827180 status=idle
1768827240 status=sleep
1768827511 status=active
1768827631 status=idle
1768827691 status=sleep
1768827696 status=active
1768827868 status=idle
1768827904 status=active
1768828000 status=idle
1768828060 status=sleep
1768828642 status=active
1768828791 status=idle
1768828851 status=sleep
1768829045 status=active
1768829245 status=idle
1768829305 status=sleep
1768829624 status=active
1768829689 status=idle
1768829693 status=active
1768829877 status=idle
1768829937 status=sleep
1768830008 status=active
1768830081 status=idle
1768830141 status=sleep
1768830152 status=active
1768830288 status=idle
1768830312 status=active
1768830385 status=idle
1768830395 status=active
1768830491 status=idle
1768830551 status=sleep
1768830616 status=active
1768830687 status=idle
1768830747 status=sleep
1768830891 status=active
1768830966 status=idle
1768831026 status=sleep
1768831098 status=active
1768831160 status=idle
1768831220 status=sleep
1768831675 status=active
1768831995 status=idle
1768832055 status=sleep
1768832067 status=active
1768832157 status=idle
1768832217 status=sleep
1768832218 status=active
1768832531 status=idle
1768832591 status=sleep
1768833651 status=active
1768833968 status=idle
1768834028 status=sleep
1768834184 status=active
1768834253 status=idle
1768834313 status=sleep
1768834399 status=active
1768834840 status=active
