[2026-01-19 10:59:14] [info] file organizer plugin loaded
[2026-01-19 10:59:48] [info] task started: mode=preview source=D:/乱
[2026-01-19 10:59:49] [info] preview generated
[2026-01-19 11:00:29] [info] file organizer plugin loaded
[2026-01-19 11:01:04] [info] task started: mode=preview source=D:/乱
[2026-01-19 11:01:05] [info] preview generated
[2026-01-19 11:01:12] [info] file organizer plugin loaded
[2026-01-19 11:01:34] [info] task started: mode=preview source=D:/乱
[2026-01-19 11:01:35] [info] preview generated
[2026-01-19 11:01:46] [info] task started: mode=preview source=D:/乱
[2026-01-19 11:01:47] [info] preview generated
[2026-01-19 11:06:20] [info] file organizer plugin loaded
[2026-01-19 11:06:47] [info] ai category generation started
[2026-01-19 11:06:54] [info] task started: mode=preview source=D:/乱
[2026-01-19 11:06:54] [info] preview generated
[2026-01-19 11:06:56] [info] preview generated
preview source=D:/乱
[2026-01-19 11:07:10] [info] task started: mode=run source=D:/乱
[2026-01-19 11:07:10] [info] task finished: moved=5 failed=0
[2026-01-19 11:08:32] [info] file organizer plugin loaded
[2026-01-19 11:09:50] [info] ai category generation started
[2026-01-19 11:10:03] [info] task started: mode=preview source=D:/乱
[2026-01-19 11:10:04] [info] preview generated
[2026-01-19 11:10:37] [info] task started: mode=run source=D:/乱
[2026-01-19 11:10:38] [info] task finished: moved=5 failed=0
[2026-01-19 11:10:56] [info] task started: mode=preview source=D:/乱
[2026-01-19 11:10:56] [info] preview generated
[2026-01-19 11:11:01] [info] task started: mode=run source=D:/乱
[2026-01-19 11:11:01] [info] task finished: moved=3 failed=0
[2026-01-19 11:19:28] [info] file organizer plugin loaded
[2026-01-19 11:19:57] [info] ai category generation started
[2026-01-19 11:20:05] [info] task started: mode=preview source=D:/乱
[2026-01-19 11:20:05] [info] preview generated
[2026-01-19 11:20:08] [info] task started: mode=run source=D:/乱
[2026-01-19 11:20:08] [info] task finished: moved=9 failed=0
[2026-01-19 11:20:26] [info] undo completed: moved=9 failed=0
[2026-01-19 11:21:54] [info] file organizer plugin loaded
[2026-01-19 11:22:47] [info] file organizer plugin loaded
[2026-01-19 11:24:29] [info] file organizer plugin loaded
[2026-01-19 11:25:03] [info] task started: mode=preview source=D:/乱
[2026-01-19 11:25:05] [info] preview generated
[2026-01-19 11:25:09] [info] ai category generation started
[2026-01-19 11:25:18] [info] task started: mode=run source=D:/乱
[2026-01-19 11:25:18] [info] task finished: moved=9 failed=0
[2026-01-19 11:27:56] [info] undo completed: moved=9 failed=0
[2026-01-19 11:29:44] [info] file organizer plugin loaded
[2026-01-19 11:30:47] [info] ai category generation started
[2026-01-19 11:30:56] [info] preview generated
preview source=D:/乱
[2026-01-19 11:30:59] [info] task started: mode=run source=D:/乱
[2026-01-19 11:30:59] [info] task finished: moved=9 failed=0
[2026-01-19 11:31:04] [info] history cleared
[2026-01-19 11:36:03] [info] file organizer plugin loaded
[2026-01-19 11:37:44] [info] file organizer plugin loaded
[2026-01-19 11:43:21] [info] file organizer plugin loaded
[2026-01-19 11:44:04] [info] 让我看看这些文件，马上给你想一套分类。
[2026-01-19 11:44:04] [info] ai category generation started
[2026-01-19 11:44:07] [info] 分类想好了，已经整理到列表里啦。
[2026-01-19 11:44:13] [info] 我先给你预览一下，不会动文件的。
[2026-01-19 11:44:13] [info] task started: mode=preview source=D:/乱
[2026-01-19 11:44:13] [info] preview generated
[2026-01-19 11:44:13] [info] 预览好了，先看看再决定要不要整理吧。
[2026-01-19 11:44:26] [info] 我开始整理啦，过程里会告诉你进度。
[2026-01-19 11:44:26] [info] task started: mode=run source=D:/乱
[2026-01-19 11:45:24] [info] file organizer plugin loaded
[2026-01-19 11:45:55] [info] 让我看看这些文件，马上给你想一套分类。
[2026-01-19 11:45:55] [info] ai category generation started
[2026-01-19 11:45:57] [info] 分类想好了，已经整理到列表里啦。
[2026-01-19 11:46:02] [info] 我先给你预览一下，不会动文件的。
[2026-01-19 11:46:02] [info] task started: mode=preview source=D:/乱
[2026-01-19 11:46:02] [info] preview generated
[2026-01-19 11:46:02] [info] 预览好了，先看看再决定要不要整理吧。
[2026-01-19 11:46:12] [info] 我先帮你看看 AI 会怎么分。
[2026-01-19 11:46:12] [info] task started: mode=preview source=D:/乱
[2026-01-19 11:46:12] [info] preview generated
[2026-01-19 11:46:12] [info] 预览好了，先看看再决定要不要整理吧。
[2026-01-19 11:46:20] [info] 我开始整理啦，过程里会告诉你进度。
[2026-01-19 11:46:20] [info] task started: mode=run source=D:/乱
[2026-01-19 11:46:20] [info] task finished: moved=9 failed=0
[2026-01-19 11:46:20] [info] 整理完成啦，文件已经各就各位。
[2026-01-19 11:47:06] [info] undo completed: moved=9 failed=0
[2026-01-19 11:47:08] [info] 上一次整理我帮你撤回啦。
[2026-01-19 11:47:13] [info] 我开始整理啦，过程里会告诉你进度。
[2026-01-19 11:47:13] [info] task started: mode=run source=D:/乱
[2026-01-19 11:47:13] [info] task finished: moved=9 failed=0
[2026-01-19 11:47:13] [info] 整理完成啦，文件已经各就各位。
[2026-01-19 11:47:40] [info] 让我看看这些文件，马上给你想一套分类。
[2026-01-19 11:47:40] [info] ai category generation started
[2026-01-19 11:47:42] [info] 分类想好了，已经整理到列表里啦。
[2026-01-19 11:47:51] [info] 我先给你预览一下，不会动文件的。
[2026-01-19 11:47:51] [info] task started: mode=preview source=D:/浏览器下载
[2026-01-19 11:47:51] [info] preview generated
[2026-01-19 11:47:51] [info] 预览好了，先看看再决定要不要整理吧。
[2026-01-19 11:48:00] [info] 我开始整理啦，过程里会告诉你进度。
[2026-01-19 11:48:00] [info] task started: mode=run source=D:/浏览器下载
[2026-01-19 11:48:00] [info] task finished: moved=27 failed=0
[2026-01-19 11:48:00] [info] 整理完成啦，文件已经各就各位。
[2026-01-19 11:48:18] [info] undo completed: moved=27 failed=0
[2026-01-19 11:48:19] [info] 上一次整理我帮你撤回啦。
[2026-01-19 11:48:29] [info] 我先给你预览一下，不会动文件的。
[2026-01-19 11:48:29] [info] task started: mode=preview source=D:/浏览器下载
[2026-01-19 11:48:29] [info] 预览好了，先看看再决定要不要整理吧。
[2026-01-19 11:48:31] [info] 我开始整理啦，过程里会告诉你进度。
[2026-01-19 11:48:31] [info] task started: mode=run source=D:/浏览器下载
[2026-01-19 11:48:31] [info] task finished: moved=27 failed=0
[2026-01-19 11:48:31] [info] 整理完成啦，文件已经各就各位。
[2026-01-19 16:46:55] [info] file organizer plugin loaded
[2026-01-19 16:56:24] [info] file organizer plugin loaded
[2026-01-19 16:59:45] [info] file organizer plugin loaded
[2026-01-19 17:02:20] [info] file organizer plugin loaded
[2026-01-19 17:06:23] [info] file organizer plugin loaded
